[2023-10-17T05:08:30.043+0200][gc,heap] Heap region size: 1M
[2023-10-17T05:08:30.093+0200][gc     ] Using G1
[2023-10-17T05:08:33.665+0200][gc,start] GC(0) Pause Young (Normal) (G1 Evacuation Pause)
[2023-10-17T05:08:33.666+0200][gc,task ] GC(0) Using 4 workers of 4 for evacuation
[2023-10-17T05:08:33.688+0200][gc,mmu  ] GC(0) MMU target violated: 21.0ms (20.0ms/21.0ms)
[2023-10-17T05:08:33.688+0200][gc,phases] GC(0)   Pre Evacuate Collection Set: 0.1ms
[2023-10-17T05:08:33.688+0200][gc,phases] GC(0)   Evacuate Collection Set: 20.0ms
[2023-10-17T05:08:33.688+0200][gc,phases] GC(0)   Post Evacuate Collection Set: 1.2ms
[2023-10-17T05:08:33.688+0200][gc,phases] GC(0)   Other: 1.1ms
[2023-10-17T05:08:33.688+0200][gc,heap  ] GC(0) Eden regions: 51->0(44)
[2023-10-17T05:08:33.688+0200][gc,heap  ] GC(0) Survivor regions: 0->7(7)
[2023-10-17T05:08:33.688+0200][gc,heap  ] GC(0) Old regions: 0->1
[2023-10-17T05:08:33.688+0200][gc,heap  ] GC(0) Humongous regions: 0->0
[2023-10-17T05:08:33.688+0200][gc,metaspace] GC(0) Metaspace: 12350K(12568K)->12350K(12568K)
[2023-10-17T05:08:33.688+0200][gc          ] GC(0) Pause Young (Normal) (G1 Evacuation Pause) 51M->7M(1024M) 22.552ms
[2023-10-17T05:08:33.688+0200][gc,cpu      ] GC(0) User=0.04s Sys=0.04s Real=0.02s
[2023-10-17T05:08:37.605+0200][gc,start    ] GC(1) Pause Young (Concurrent Start) (Metadata GC Threshold)
[2023-10-17T05:08:37.605+0200][gc,task     ] GC(1) Using 4 workers of 4 for evacuation
[2023-10-17T05:08:37.633+0200][gc,mmu      ] GC(1) MMU target violated: 21.0ms (20.0ms/21.0ms)
[2023-10-17T05:08:37.633+0200][gc,phases   ] GC(1)   Pre Evacuate Collection Set: 0.1ms
[2023-10-17T05:08:37.633+0200][gc,phases   ] GC(1)   Evacuate Collection Set: 26.4ms
[2023-10-17T05:08:37.633+0200][gc,phases   ] GC(1)   Post Evacuate Collection Set: 1.0ms
[2023-10-17T05:08:37.633+0200][gc,phases   ] GC(1)   Other: 0.6ms
[2023-10-17T05:08:37.633+0200][gc,heap     ] GC(1) Eden regions: 36->0(49)
[2023-10-17T05:08:37.633+0200][gc,heap     ] GC(1) Survivor regions: 7->2(7)
[2023-10-17T05:08:37.633+0200][gc,heap     ] GC(1) Old regions: 1->7
[2023-10-17T05:08:37.633+0200][gc,heap     ] GC(1) Humongous regions: 0->0
[2023-10-17T05:08:37.633+0200][gc,metaspace] GC(1) Metaspace: 16111K(16384K)->16111K(16384K)
[2023-10-17T05:08:37.633+0200][gc          ] GC(1) Pause Young (Concurrent Start) (Metadata GC Threshold) 43M->8M(1024M) 28.363ms
[2023-10-17T05:08:37.633+0200][gc,cpu      ] GC(1) User=0.04s Sys=0.03s Real=0.03s
[2023-10-17T05:08:37.633+0200][gc          ] GC(2) Concurrent Cycle
[2023-10-17T05:08:37.633+0200][gc,marking  ] GC(2) Concurrent Clear Claimed Marks
[2023-10-17T05:08:37.634+0200][gc,marking  ] GC(2) Concurrent Clear Claimed Marks 0.112ms
[2023-10-17T05:08:37.634+0200][gc,marking  ] GC(2) Concurrent Scan Root Regions
[2023-10-17T05:08:37.637+0200][gc,marking  ] GC(2) Concurrent Scan Root Regions 3.230ms
[2023-10-17T05:08:37.637+0200][gc,marking  ] GC(2) Concurrent Mark (7.603s)
[2023-10-17T05:08:37.637+0200][gc,marking  ] GC(2) Concurrent Mark From Roots
[2023-10-17T05:08:37.637+0200][gc,task     ] GC(2) Using 1 workers of 1 for marking
[2023-10-17T05:08:37.665+0200][gc,marking  ] GC(2) Concurrent Mark From Roots 27.545ms
[2023-10-17T05:08:37.665+0200][gc,marking  ] GC(2) Concurrent Preclean
[2023-10-17T05:08:37.665+0200][gc,marking  ] GC(2) Concurrent Preclean 0.406ms
[2023-10-17T05:08:37.665+0200][gc,marking  ] GC(2) Concurrent Mark (7.603s, 7.631s) 28.102ms
[2023-10-17T05:08:37.665+0200][gc,start    ] GC(2) Pause Remark
[2023-10-17T05:08:37.672+0200][gc,stringtable] GC(2) Cleaned string and symbol table, strings: 7891 processed, 0 removed, symbols: 79611 processed, 56 removed
[2023-10-17T05:08:37.672+0200][gc            ] GC(2) Pause Remark 9M->9M(1024M) 6.764ms
[2023-10-17T05:08:37.672+0200][gc,cpu        ] GC(2) User=0.02s Sys=0.00s Real=0.01s
[2023-10-17T05:08:37.672+0200][gc,marking    ] GC(2) Concurrent Rebuild Remembered Sets
[2023-10-17T05:08:37.685+0200][gc,marking    ] GC(2) Concurrent Rebuild Remembered Sets 13.168ms
[2023-10-17T05:08:37.687+0200][gc,start      ] GC(2) Pause Cleanup
[2023-10-17T05:08:37.687+0200][gc            ] GC(2) Pause Cleanup 9M->9M(1024M) 0.680ms
[2023-10-17T05:08:37.688+0200][gc,cpu        ] GC(2) User=0.00s Sys=0.00s Real=0.00s
[2023-10-17T05:08:37.688+0200][gc,marking    ] GC(2) Concurrent Cleanup for Next Mark
[2023-10-17T05:08:37.748+0200][gc,marking    ] GC(2) Concurrent Cleanup for Next Mark 59.845ms
[2023-10-17T05:08:37.748+0200][gc            ] GC(2) Concurrent Cycle 114.327ms
[2023-10-17T05:08:41.455+0200][gc,start      ] GC(3) Pause Young (Normal) (G1 Evacuation Pause)
[2023-10-17T05:08:41.456+0200][gc,task       ] GC(3) Using 4 workers of 4 for evacuation
[2023-10-17T05:08:41.465+0200][gc,phases     ] GC(3)   Pre Evacuate Collection Set: 0.1ms
[2023-10-17T05:08:41.465+0200][gc,phases     ] GC(3)   Evacuate Collection Set: 8.1ms
[2023-10-17T05:08:41.465+0200][gc,phases     ] GC(3)   Post Evacuate Collection Set: 1.0ms
[2023-10-17T05:08:41.465+0200][gc,phases     ] GC(3)   Other: 0.4ms
[2023-10-17T05:08:41.465+0200][gc,heap       ] GC(3) Eden regions: 49->0(48)
[2023-10-17T05:08:41.465+0200][gc,heap       ] GC(3) Survivor regions: 2->3(7)
[2023-10-17T05:08:41.465+0200][gc,heap       ] GC(3) Old regions: 7->7
[2023-10-17T05:08:41.465+0200][gc,heap       ] GC(3) Humongous regions: 129->129
[2023-10-17T05:08:41.465+0200][gc,metaspace  ] GC(3) Metaspace: 20558K(20992K)->20558K(20992K)
[2023-10-17T05:08:41.465+0200][gc            ] GC(3) Pause Young (Normal) (G1 Evacuation Pause) 186M->138M(1024M) 9.806ms
[2023-10-17T05:08:41.465+0200][gc,cpu        ] GC(3) User=0.01s Sys=0.01s Real=0.01s
[2023-10-17T05:08:43.607+0200][gc,start      ] GC(4) Pause Young (Normal) (G1 Evacuation Pause)
[2023-10-17T05:08:43.607+0200][gc,task       ] GC(4) Using 4 workers of 4 for evacuation
[2023-10-17T05:08:43.622+0200][gc,phases     ] GC(4)   Pre Evacuate Collection Set: 0.1ms
[2023-10-17T05:08:43.622+0200][gc,phases     ] GC(4)   Evacuate Collection Set: 13.5ms
[2023-10-17T05:08:43.622+0200][gc,phases     ] GC(4)   Post Evacuate Collection Set: 1.0ms
[2023-10-17T05:08:43.622+0200][gc,phases     ] GC(4)   Other: 0.4ms
[2023-10-17T05:08:43.622+0200][gc,heap       ] GC(4) Eden regions: 48->0(45)
[2023-10-17T05:08:43.622+0200][gc,heap       ] GC(4) Survivor regions: 3->6(7)
[2023-10-17T05:08:43.622+0200][gc,heap       ] GC(4) Old regions: 7->7
[2023-10-17T05:08:43.622+0200][gc,heap       ] GC(4) Humongous regions: 129->129
[2023-10-17T05:08:43.622+0200][gc,metaspace  ] GC(4) Metaspace: 24154K(24704K)->24154K(24704K)
[2023-10-17T05:08:43.622+0200][gc            ] GC(4) Pause Young (Normal) (G1 Evacuation Pause) 186M->141M(1024M) 15.261ms
[2023-10-17T05:08:43.622+0200][gc,cpu        ] GC(4) User=0.06s Sys=0.00s Real=0.02s
[2023-10-17T05:08:44.450+0200][gc,start      ] GC(5) Pause Young (Concurrent Start) (Metadata GC Threshold)
[2023-10-17T05:08:44.450+0200][gc,task       ] GC(5) Using 4 workers of 4 for evacuation
[2023-10-17T05:08:44.473+0200][gc,mmu        ] GC(5) MMU target violated: 21.0ms (20.0ms/21.0ms)
[2023-10-17T05:08:44.473+0200][gc,phases     ] GC(5)   Pre Evacuate Collection Set: 0.2ms
[2023-10-17T05:08:44.473+0200][gc,phases     ] GC(5)   Evacuate Collection Set: 21.5ms
[2023-10-17T05:08:44.473+0200][gc,phases     ] GC(5)   Post Evacuate Collection Set: 1.1ms
[2023-10-17T05:08:44.473+0200][gc,phases     ] GC(5)   Other: 0.7ms
[2023-10-17T05:08:44.473+0200][gc,heap       ] GC(5) Eden regions: 26->0(46)
[2023-10-17T05:08:44.473+0200][gc,heap       ] GC(5) Survivor regions: 6->5(7)
[2023-10-17T05:08:44.473+0200][gc,heap       ] GC(5) Old regions: 7->10
[2023-10-17T05:08:44.473+0200][gc,heap       ] GC(5) Humongous regions: 129->129
[2023-10-17T05:08:44.473+0200][gc,metaspace  ] GC(5) Metaspace: 27077K(27736K)->27077K(27736K)
[2023-10-17T05:08:44.473+0200][gc            ] GC(5) Pause Young (Concurrent Start) (Metadata GC Threshold) 167M->143M(1024M) 23.721ms
[2023-10-17T05:08:44.474+0200][gc,cpu        ] GC(5) User=0.03s Sys=0.03s Real=0.03s
[2023-10-17T05:08:44.474+0200][gc            ] GC(6) Concurrent Cycle
[2023-10-17T05:08:44.474+0200][gc,marking    ] GC(6) Concurrent Clear Claimed Marks
[2023-10-17T05:08:44.474+0200][gc,marking    ] GC(6) Concurrent Clear Claimed Marks 0.231ms
[2023-10-17T05:08:44.474+0200][gc,marking    ] GC(6) Concurrent Scan Root Regions
[2023-10-17T05:08:44.485+0200][gc,marking    ] GC(6) Concurrent Scan Root Regions 11.059ms
[2023-10-17T05:08:44.485+0200][gc,marking    ] GC(6) Concurrent Mark (14.451s)
[2023-10-17T05:08:44.485+0200][gc,marking    ] GC(6) Concurrent Mark From Roots
[2023-10-17T05:08:44.485+0200][gc,task       ] GC(6) Using 1 workers of 1 for marking
[2023-10-17T05:08:44.529+0200][gc,marking    ] GC(6) Concurrent Mark From Roots 43.973ms
[2023-10-17T05:08:44.529+0200][gc,marking    ] GC(6) Concurrent Preclean
[2023-10-17T05:08:44.530+0200][gc,marking    ] GC(6) Concurrent Preclean 0.715ms
[2023-10-17T05:08:44.530+0200][gc,marking    ] GC(6) Concurrent Mark (14.451s, 14.496s) 44.904ms
[2023-10-17T05:08:44.532+0200][gc,start      ] GC(6) Pause Remark
[2023-10-17T05:08:44.542+0200][gc,stringtable] GC(6) Cleaned string and symbol table, strings: 14905 processed, 10 removed, symbols: 120334 processed, 25 removed
[2023-10-17T05:08:44.542+0200][gc            ] GC(6) Pause Remark 146M->146M(1024M) 10.700ms
[2023-10-17T05:08:44.542+0200][gc,cpu        ] GC(6) User=0.04s Sys=0.00s Real=0.01s
[2023-10-17T05:08:44.543+0200][gc,marking    ] GC(6) Concurrent Rebuild Remembered Sets
[2023-10-17T05:08:44.567+0200][gc,marking    ] GC(6) Concurrent Rebuild Remembered Sets 24.662ms
[2023-10-17T05:08:44.568+0200][gc,start      ] GC(6) Pause Cleanup
[2023-10-17T05:08:44.569+0200][gc            ] GC(6) Pause Cleanup 147M->147M(1024M) 0.500ms
[2023-10-17T05:08:44.569+0200][gc,cpu        ] GC(6) User=0.00s Sys=0.00s Real=0.00s
[2023-10-17T05:08:44.569+0200][gc,marking    ] GC(6) Concurrent Cleanup for Next Mark
[2023-10-17T05:08:44.635+0200][gc,marking    ] GC(6) Concurrent Cleanup for Next Mark 65.769ms
[2023-10-17T05:08:44.635+0200][gc            ] GC(6) Concurrent Cycle 161.326ms
[2023-10-17T05:10:29.606+0200][gc,start      ] GC(7) Pause Young (Concurrent Start) (G1 Evacuation Pause)
[2023-10-17T05:10:29.606+0200][gc,task       ] GC(7) Using 4 workers of 4 for evacuation
[2023-10-17T05:10:29.665+0200][gc,mmu        ] GC(7) MMU target violated: 21.0ms (20.0ms/21.0ms)
[2023-10-17T05:10:29.666+0200][gc,phases     ] GC(7)   Pre Evacuate Collection Set: 0.4ms
[2023-10-17T05:10:29.666+0200][gc,phases     ] GC(7)   Evacuate Collection Set: 56.7ms
[2023-10-17T05:10:29.666+0200][gc,phases     ] GC(7)   Post Evacuate Collection Set: 1.8ms
[2023-10-17T05:10:29.666+0200][gc,phases     ] GC(7)   Other: 1.4ms
[2023-10-17T05:10:29.666+0200][gc,heap       ] GC(7) Eden regions: 46->0(48)
[2023-10-17T05:10:29.666+0200][gc,heap       ] GC(7) Survivor regions: 5->3(7)
[2023-10-17T05:10:29.666+0200][gc,heap       ] GC(7) Old regions: 10->13
[2023-10-17T05:10:29.666+0200][gc,heap       ] GC(7) Humongous regions: 129->129
[2023-10-17T05:10:29.666+0200][gc,metaspace  ] GC(7) Metaspace: 29301K(30296K)->29301K(30296K)
[2023-10-17T05:10:29.666+0200][gc            ] GC(7) Pause Young (Concurrent Start) (G1 Evacuation Pause) 189M->143M(1024M) 60.639ms
[2023-10-17T05:10:29.667+0200][gc,cpu        ] GC(7) User=0.08s Sys=0.06s Real=0.06s
[2023-10-17T05:10:29.667+0200][gc            ] GC(8) Concurrent Cycle
[2023-10-17T05:10:29.667+0200][gc,marking    ] GC(8) Concurrent Clear Claimed Marks
[2023-10-17T05:10:29.667+0200][gc,marking    ] GC(8) Concurrent Clear Claimed Marks 0.380ms
[2023-10-17T05:10:29.667+0200][gc,marking    ] GC(8) Concurrent Scan Root Regions
[2023-10-17T05:10:29.680+0200][gc,marking    ] GC(8) Concurrent Scan Root Regions 12.345ms
[2023-10-17T05:10:29.680+0200][gc,marking    ] GC(8) Concurrent Mark (119.645s)
[2023-10-17T05:10:29.680+0200][gc,marking    ] GC(8) Concurrent Mark From Roots
[2023-10-17T05:10:29.680+0200][gc,task       ] GC(8) Using 1 workers of 1 for marking
[2023-10-17T05:10:29.761+0200][gc,marking    ] GC(8) Concurrent Mark From Roots 81.529ms
[2023-10-17T05:10:29.761+0200][gc,marking    ] GC(8) Concurrent Preclean
[2023-10-17T05:10:29.762+0200][gc,marking    ] GC(8) Concurrent Preclean 0.418ms
[2023-10-17T05:10:29.762+0200][gc,marking    ] GC(8) Concurrent Mark (119.645s, 119.728s) 82.166ms
[2023-10-17T05:10:29.762+0200][gc,start      ] GC(8) Pause Remark
[2023-10-17T05:10:29.771+0200][gc,stringtable] GC(8) Cleaned string and symbol table, strings: 15461 processed, 11 removed, symbols: 124575 processed, 1 removed
[2023-10-17T05:10:29.772+0200][gc            ] GC(8) Pause Remark 144M->144M(1024M) 9.263ms
[2023-10-17T05:10:29.772+0200][gc,cpu        ] GC(8) User=0.03s Sys=0.00s Real=0.01s
[2023-10-17T05:10:29.772+0200][gc,marking    ] GC(8) Concurrent Rebuild Remembered Sets
[2023-10-17T05:10:29.807+0200][gc,marking    ] GC(8) Concurrent Rebuild Remembered Sets 34.782ms
[2023-10-17T05:10:29.807+0200][gc,start      ] GC(8) Pause Cleanup
[2023-10-17T05:10:29.807+0200][gc            ] GC(8) Pause Cleanup 144M->144M(1024M) 0.439ms
[2023-10-17T05:10:29.808+0200][gc,cpu        ] GC(8) User=0.00s Sys=0.00s Real=0.00s
[2023-10-17T05:10:29.808+0200][gc,marking    ] GC(8) Concurrent Cleanup for Next Mark
[2023-10-17T05:10:29.814+0200][gc,marking    ] GC(8) Concurrent Cleanup for Next Mark 6.770ms
[2023-10-17T05:10:29.815+0200][gc            ] GC(8) Concurrent Cycle 147.878ms
[2023-10-17T05:11:17.319+0200][gc,start      ] GC(9) Pause Young (Normal) (G1 Evacuation Pause)
[2023-10-17T05:11:17.319+0200][gc,task       ] GC(9) Using 4 workers of 4 for evacuation
[2023-10-17T05:11:17.329+0200][gc,phases     ] GC(9)   Pre Evacuate Collection Set: 0.1ms
[2023-10-17T05:11:17.329+0200][gc,phases     ] GC(9)   Evacuate Collection Set: 8.4ms
[2023-10-17T05:11:17.329+0200][gc,phases     ] GC(9)   Post Evacuate Collection Set: 1.2ms
[2023-10-17T05:11:17.329+0200][gc,phases     ] GC(9)   Other: 0.6ms
[2023-10-17T05:11:17.329+0200][gc,heap       ] GC(9) Eden regions: 48->0(48)
[2023-10-17T05:11:17.330+0200][gc,heap       ] GC(9) Survivor regions: 3->3(7)
[2023-10-17T05:11:17.330+0200][gc,heap       ] GC(9) Old regions: 13->13
[2023-10-17T05:11:17.330+0200][gc,heap       ] GC(9) Humongous regions: 129->129
[2023-10-17T05:11:17.330+0200][gc,metaspace  ] GC(9) Metaspace: 29317K(30296K)->29317K(30296K)
[2023-10-17T05:11:17.330+0200][gc            ] GC(9) Pause Young (Normal) (G1 Evacuation Pause) 191M->143M(1024M) 10.505ms
[2023-10-17T05:11:17.330+0200][gc,cpu        ] GC(9) User=0.02s Sys=0.00s Real=0.01s
[2023-10-17T05:12:06.919+0200][gc,start      ] GC(10) Pause Young (Normal) (G1 Evacuation Pause)
[2023-10-17T05:12:06.919+0200][gc,task       ] GC(10) Using 4 workers of 4 for evacuation
[2023-10-17T05:12:06.933+0200][gc,phases     ] GC(10)   Pre Evacuate Collection Set: 0.1ms
[2023-10-17T05:12:06.933+0200][gc,phases     ] GC(10)   Evacuate Collection Set: 11.8ms
[2023-10-17T05:12:06.933+0200][gc,phases     ] GC(10)   Post Evacuate Collection Set: 1.8ms
[2023-10-17T05:12:06.934+0200][gc,phases     ] GC(10)   Other: 1.1ms
[2023-10-17T05:12:06.934+0200][gc,heap       ] GC(10) Eden regions: 48->0(48)
[2023-10-17T05:12:06.934+0200][gc,heap       ] GC(10) Survivor regions: 3->3(7)
[2023-10-17T05:12:06.934+0200][gc,heap       ] GC(10) Old regions: 13->13
[2023-10-17T05:12:06.934+0200][gc,heap       ] GC(10) Humongous regions: 129->129
[2023-10-17T05:12:06.934+0200][gc,metaspace  ] GC(10) Metaspace: 29339K(30296K)->29339K(30296K)
[2023-10-17T05:12:06.934+0200][gc            ] GC(10) Pause Young (Normal) (G1 Evacuation Pause) 191M->143M(1024M) 15.382ms
[2023-10-17T05:12:06.934+0200][gc,cpu        ] GC(10) User=0.03s Sys=0.02s Real=0.02s
[2023-10-17T05:12:56.976+0200][gc,start      ] GC(11) Pause Young (Normal) (G1 Evacuation Pause)
[2023-10-17T05:12:56.976+0200][gc,task       ] GC(11) Using 4 workers of 4 for evacuation
[2023-10-17T05:12:56.992+0200][gc,phases     ] GC(11)   Pre Evacuate Collection Set: 0.1ms
[2023-10-17T05:12:56.992+0200][gc,phases     ] GC(11)   Evacuate Collection Set: 13.1ms
[2023-10-17T05:12:56.992+0200][gc,phases     ] GC(11)   Post Evacuate Collection Set: 1.8ms
[2023-10-17T05:12:56.992+0200][gc,phases     ] GC(11)   Other: 1.1ms
[2023-10-17T05:12:56.992+0200][gc,heap       ] GC(11) Eden regions: 48->0(48)
[2023-10-17T05:12:56.993+0200][gc,heap       ] GC(11) Survivor regions: 3->3(7)
[2023-10-17T05:12:56.993+0200][gc,heap       ] GC(11) Old regions: 13->13
[2023-10-17T05:12:56.993+0200][gc,heap       ] GC(11) Humongous regions: 129->129
[2023-10-17T05:12:56.993+0200][gc,metaspace  ] GC(11) Metaspace: 29348K(30296K)->29348K(30296K)
[2023-10-17T05:12:56.993+0200][gc            ] GC(11) Pause Young (Normal) (G1 Evacuation Pause) 191M->143M(1024M) 16.821ms
[2023-10-17T05:12:56.993+0200][gc,cpu        ] GC(11) User=0.02s Sys=0.03s Real=0.02s
[2023-10-17T05:13:47.059+0200][gc,start      ] GC(12) Pause Young (Normal) (G1 Evacuation Pause)
[2023-10-17T05:13:47.059+0200][gc,task       ] GC(12) Using 4 workers of 4 for evacuation
[2023-10-17T05:13:47.093+0200][gc,mmu        ] GC(12) MMU target violated: 21.0ms (20.0ms/21.0ms)
[2023-10-17T05:13:47.093+0200][gc,phases     ] GC(12)   Pre Evacuate Collection Set: 0.1ms
[2023-10-17T05:13:47.093+0200][gc,phases     ] GC(12)   Evacuate Collection Set: 32.1ms
[2023-10-17T05:13:47.093+0200][gc,phases     ] GC(12)   Post Evacuate Collection Set: 1.0ms
[2023-10-17T05:13:47.093+0200][gc,phases     ] GC(12)   Other: 0.7ms
[2023-10-17T05:13:47.093+0200][gc,heap       ] GC(12) Eden regions: 48->0(48)
[2023-10-17T05:13:47.093+0200][gc,heap       ] GC(12) Survivor regions: 3->3(7)
[2023-10-17T05:13:47.093+0200][gc,heap       ] GC(12) Old regions: 13->13
[2023-10-17T05:13:47.093+0200][gc,heap       ] GC(12) Humongous regions: 129->129
[2023-10-17T05:13:47.093+0200][gc,metaspace  ] GC(12) Metaspace: 29354K(30296K)->29354K(30296K)
[2023-10-17T05:13:47.093+0200][gc            ] GC(12) Pause Young (Normal) (G1 Evacuation Pause) 191M->143M(1024M) 34.050ms
[2023-10-17T05:13:47.093+0200][gc,cpu        ] GC(12) User=0.04s Sys=0.00s Real=0.04s
[2023-10-17T05:14:37.274+0200][gc,start      ] GC(13) Pause Young (Normal) (G1 Evacuation Pause)
[2023-10-17T05:14:37.274+0200][gc,task       ] GC(13) Using 4 workers of 4 for evacuation
[2023-10-17T05:14:37.290+0200][gc,phases     ] GC(13)   Pre Evacuate Collection Set: 0.1ms
[2023-10-17T05:14:37.291+0200][gc,phases     ] GC(13)   Evacuate Collection Set: 13.8ms
[2023-10-17T05:14:37.291+0200][gc,phases     ] GC(13)   Post Evacuate Collection Set: 2.1ms
[2023-10-17T05:14:37.291+0200][gc,phases     ] GC(13)   Other: 1.0ms
[2023-10-17T05:14:37.291+0200][gc,heap       ] GC(13) Eden regions: 48->0(48)
[2023-10-17T05:14:37.291+0200][gc,heap       ] GC(13) Survivor regions: 3->3(7)
[2023-10-17T05:14:37.291+0200][gc,heap       ] GC(13) Old regions: 13->13
[2023-10-17T05:14:37.291+0200][gc,heap       ] GC(13) Humongous regions: 129->129
[2023-10-17T05:14:37.291+0200][gc,metaspace  ] GC(13) Metaspace: 29358K(30296K)->29358K(30296K)
[2023-10-17T05:14:37.291+0200][gc            ] GC(13) Pause Young (Normal) (G1 Evacuation Pause) 191M->143M(1024M) 17.428ms
[2023-10-17T05:14:37.291+0200][gc,cpu        ] GC(13) User=0.04s Sys=0.00s Real=0.02s
[2023-10-17T05:15:08.085+0200][gc,start      ] GC(14) Pause Young (Normal) (G1 Evacuation Pause)
[2023-10-17T05:15:08.085+0200][gc,task       ] GC(14) Using 4 workers of 4 for evacuation
[2023-10-17T05:15:08.106+0200][gc,mmu        ] GC(14) MMU target violated: 20.2ms (20.0ms/21.0ms)
[2023-10-17T05:15:08.106+0200][gc,phases     ] GC(14)   Pre Evacuate Collection Set: 0.1ms
[2023-10-17T05:15:08.106+0200][gc,phases     ] GC(14)   Evacuate Collection Set: 17.0ms
[2023-10-17T05:15:08.106+0200][gc,phases     ] GC(14)   Post Evacuate Collection Set: 2.7ms
[2023-10-17T05:15:08.106+0200][gc,phases     ] GC(14)   Other: 1.2ms
[2023-10-17T05:15:08.106+0200][gc,heap       ] GC(14) Eden regions: 48->0(48)
[2023-10-17T05:15:08.106+0200][gc,heap       ] GC(14) Survivor regions: 3->3(7)
[2023-10-17T05:15:08.106+0200][gc,heap       ] GC(14) Old regions: 13->13
[2023-10-17T05:15:08.106+0200][gc,heap       ] GC(14) Humongous regions: 129->129
[2023-10-17T05:15:08.106+0200][gc,metaspace  ] GC(14) Metaspace: 31182K(32600K)->31182K(32600K)
[2023-10-17T05:15:08.106+0200][gc            ] GC(14) Pause Young (Normal) (G1 Evacuation Pause) 191M->144M(1024M) 21.480ms
[2023-10-17T05:15:08.107+0200][gc,cpu        ] GC(14) User=0.07s Sys=0.00s Real=0.02s
[2023-10-17T05:15:54.889+0200][gc,start      ] GC(15) Pause Young (Normal) (G1 Evacuation Pause)
[2023-10-17T05:15:54.889+0200][gc,task       ] GC(15) Using 4 workers of 4 for evacuation
[2023-10-17T05:15:54.909+0200][gc,phases     ] GC(15)   Pre Evacuate Collection Set: 0.1ms
[2023-10-17T05:15:54.909+0200][gc,phases     ] GC(15)   Evacuate Collection Set: 16.2ms
[2023-10-17T05:15:54.909+0200][gc,phases     ] GC(15)   Post Evacuate Collection Set: 2.3ms
[2023-10-17T05:15:54.909+0200][gc,phases     ] GC(15)   Other: 1.1ms
[2023-10-17T05:15:54.909+0200][gc,heap       ] GC(15) Eden regions: 48->0(47)
[2023-10-17T05:15:54.909+0200][gc,heap       ] GC(15) Survivor regions: 3->4(7)
[2023-10-17T05:15:54.909+0200][gc,heap       ] GC(15) Old regions: 13->13
[2023-10-17T05:15:54.909+0200][gc,heap       ] GC(15) Humongous regions: 129->129
[2023-10-17T05:15:54.909+0200][gc,metaspace  ] GC(15) Metaspace: 31518K(32984K)->31518K(32984K)
[2023-10-17T05:15:54.909+0200][gc            ] GC(15) Pause Young (Normal) (G1 Evacuation Pause) 192M->144M(1024M) 20.160ms
[2023-10-17T05:15:54.910+0200][gc,cpu        ] GC(15) User=0.07s Sys=0.01s Real=0.02s
[2023-10-17T05:16:43.935+0200][gc,start      ] GC(16) Pause Young (Normal) (G1 Evacuation Pause)
[2023-10-17T05:16:43.935+0200][gc,task       ] GC(16) Using 4 workers of 4 for evacuation
[2023-10-17T05:16:43.958+0200][gc,mmu        ] GC(16) MMU target violated: 21.0ms (20.0ms/21.0ms)
[2023-10-17T05:16:43.958+0200][gc,phases     ] GC(16)   Pre Evacuate Collection Set: 0.1ms
[2023-10-17T05:16:43.958+0200][gc,phases     ] GC(16)   Evacuate Collection Set: 19.8ms
[2023-10-17T05:16:43.958+0200][gc,phases     ] GC(16)   Post Evacuate Collection Set: 2.3ms
[2023-10-17T05:16:43.958+0200][gc,phases     ] GC(16)   Other: 1.3ms
[2023-10-17T05:16:43.958+0200][gc,heap       ] GC(16) Eden regions: 47->0(48)
[2023-10-17T05:16:43.958+0200][gc,heap       ] GC(16) Survivor regions: 4->4(7)
[2023-10-17T05:16:43.958+0200][gc,heap       ] GC(16) Old regions: 13->13
[2023-10-17T05:16:43.958+0200][gc,heap       ] GC(16) Humongous regions: 129->129
[2023-10-17T05:16:43.958+0200][gc,metaspace  ] GC(16) Metaspace: 31518K(32984K)->31518K(32984K)
[2023-10-17T05:16:43.959+0200][gc            ] GC(16) Pause Young (Normal) (G1 Evacuation Pause) 191M->144M(1024M) 23.904ms
[2023-10-17T05:16:43.959+0200][gc,cpu        ] GC(16) User=0.07s Sys=0.00s Real=0.02s
[2023-10-17T05:17:32.082+0200][gc,start      ] GC(17) Pause Young (Normal) (G1 Evacuation Pause)
[2023-10-17T05:17:32.082+0200][gc,task       ] GC(17) Using 4 workers of 4 for evacuation
[2023-10-17T05:17:32.094+0200][gc,phases     ] GC(17)   Pre Evacuate Collection Set: 0.1ms
[2023-10-17T05:17:32.094+0200][gc,phases     ] GC(17)   Evacuate Collection Set: 10.1ms
[2023-10-17T05:17:32.094+0200][gc,phases     ] GC(17)   Post Evacuate Collection Set: 1.3ms
[2023-10-17T05:17:32.094+0200][gc,phases     ] GC(17)   Other: 0.6ms
[2023-10-17T05:17:32.094+0200][gc,heap       ] GC(17) Eden regions: 47->0(51)
[2023-10-17T05:17:32.094+0200][gc,heap       ] GC(17) Survivor regions: 4->4(7)
[2023-10-17T05:17:32.094+0200][gc,heap       ] GC(17) Old regions: 13->13
[2023-10-17T05:17:32.094+0200][gc,heap       ] GC(17) Humongous regions: 129->129
[2023-10-17T05:17:32.094+0200][gc,metaspace  ] GC(17) Metaspace: 31570K(32984K)->31570K(32984K)
[2023-10-17T05:17:32.094+0200][gc            ] GC(17) Pause Young (Normal) (G1 Evacuation Pause) 191M->144M(1024M) 12.209ms
[2023-10-17T05:17:32.094+0200][gc,cpu        ] GC(17) User=0.02s Sys=0.01s Real=0.01s
[2023-10-17T05:18:25.221+0200][gc,start      ] GC(18) Pause Young (Normal) (G1 Evacuation Pause)
[2023-10-17T05:18:25.221+0200][gc,task       ] GC(18) Using 4 workers of 4 for evacuation
[2023-10-17T05:18:25.238+0200][gc,phases     ] GC(18)   Pre Evacuate Collection Set: 0.1ms
[2023-10-17T05:18:25.239+0200][gc,phases     ] GC(18)   Evacuate Collection Set: 14.3ms
[2023-10-17T05:18:25.239+0200][gc,phases     ] GC(18)   Post Evacuate Collection Set: 2.0ms
[2023-10-17T05:18:25.239+0200][gc,phases     ] GC(18)   Other: 1.3ms
[2023-10-17T05:18:25.239+0200][gc,heap       ] GC(18) Eden regions: 51->0(53)
[2023-10-17T05:18:25.239+0200][gc,heap       ] GC(18) Survivor regions: 4->4(7)
[2023-10-17T05:18:25.239+0200][gc,heap       ] GC(18) Old regions: 13->13
[2023-10-17T05:18:25.239+0200][gc,heap       ] GC(18) Humongous regions: 129->129
[2023-10-17T05:18:25.239+0200][gc,metaspace  ] GC(18) Metaspace: 31570K(32984K)->31570K(32984K)
[2023-10-17T05:18:25.239+0200][gc            ] GC(18) Pause Young (Normal) (G1 Evacuation Pause) 195M->144M(1024M) 18.252ms
[2023-10-17T05:18:25.240+0200][gc,cpu        ] GC(18) User=0.05s Sys=0.02s Real=0.02s
[2023-10-17T05:19:17.695+0200][gc,start      ] GC(19) Pause Young (Normal) (G1 Evacuation Pause)
[2023-10-17T05:19:17.695+0200][gc,task       ] GC(19) Using 4 workers of 4 for evacuation
[2023-10-17T05:19:17.713+0200][gc,phases     ] GC(19)   Pre Evacuate Collection Set: 0.2ms
[2023-10-17T05:19:17.714+0200][gc,phases     ] GC(19)   Evacuate Collection Set: 15.6ms
[2023-10-17T05:19:17.714+0200][gc,phases     ] GC(19)   Post Evacuate Collection Set: 2.1ms
[2023-10-17T05:19:17.714+0200][gc,phases     ] GC(19)   Other: 1.0ms
[2023-10-17T05:19:17.714+0200][gc,heap       ] GC(19) Eden regions: 51->0(54)
[2023-10-17T05:19:17.714+0200][gc,heap       ] GC(19) Survivor regions: 4->4(7)
[2023-10-17T05:19:17.714+0200][gc,heap       ] GC(19) Old regions: 13->13
[2023-10-17T05:19:17.714+0200][gc,heap       ] GC(19) Humongous regions: 129->129
[2023-10-17T05:19:17.714+0200][gc,metaspace  ] GC(19) Metaspace: 31631K(33112K)->31631K(33112K)
[2023-10-17T05:19:17.714+0200][gc            ] GC(19) Pause Young (Normal) (G1 Evacuation Pause) 195M->144M(1024M) 19.352ms
[2023-10-17T05:19:17.714+0200][gc,cpu        ] GC(19) User=0.05s Sys=0.02s Real=0.02s
[2023-10-17T05:20:09.127+0200][gc,start      ] GC(20) Pause Young (Normal) (G1 Evacuation Pause)
[2023-10-17T05:20:09.128+0200][gc,task       ] GC(20) Using 4 workers of 4 for evacuation
[2023-10-17T05:20:09.145+0200][gc,phases     ] GC(20)   Pre Evacuate Collection Set: 0.1ms
[2023-10-17T05:20:09.145+0200][gc,phases     ] GC(20)   Evacuate Collection Set: 14.9ms
[2023-10-17T05:20:09.145+0200][gc,phases     ] GC(20)   Post Evacuate Collection Set: 2.1ms
[2023-10-17T05:20:09.146+0200][gc,phases     ] GC(20)   Other: 1.0ms
[2023-10-17T05:20:09.146+0200][gc,heap       ] GC(20) Eden regions: 49->0(57)
[2023-10-17T05:20:09.146+0200][gc,heap       ] GC(20) Survivor regions: 4->4(7)
[2023-10-17T05:20:09.146+0200][gc,heap       ] GC(20) Old regions: 13->13
[2023-10-17T05:20:09.146+0200][gc,heap       ] GC(20) Humongous regions: 129->129
[2023-10-17T05:20:09.146+0200][gc,metaspace  ] GC(20) Metaspace: 31631K(33112K)->31631K(33112K)
[2023-10-17T05:20:09.146+0200][gc            ] GC(20) Pause Young (Normal) (G1 Evacuation Pause) 193M->144M(1024M) 18.505ms
[2023-10-17T05:20:09.146+0200][gc,cpu        ] GC(20) User=0.06s Sys=0.00s Real=0.02s
[2023-10-17T05:21:08.972+0200][gc,start      ] GC(21) Pause Young (Normal) (G1 Evacuation Pause)
[2023-10-17T05:21:08.972+0200][gc,task       ] GC(21) Using 4 workers of 4 for evacuation
[2023-10-17T05:21:08.998+0200][gc,mmu        ] GC(21) MMU target violated: 21.0ms (20.0ms/21.0ms)
[2023-10-17T05:21:08.999+0200][gc,phases     ] GC(21)   Pre Evacuate Collection Set: 0.1ms
[2023-10-17T05:21:08.999+0200][gc,phases     ] GC(21)   Evacuate Collection Set: 23.3ms
[2023-10-17T05:21:08.999+0200][gc,phases     ] GC(21)   Post Evacuate Collection Set: 2.2ms
[2023-10-17T05:21:08.999+0200][gc,phases     ] GC(21)   Other: 1.3ms
[2023-10-17T05:21:08.999+0200][gc,heap       ] GC(21) Eden regions: 57->0(59)
[2023-10-17T05:21:08.999+0200][gc,heap       ] GC(21) Survivor regions: 4->4(8)
[2023-10-17T05:21:08.999+0200][gc,heap       ] GC(21) Old regions: 13->13
[2023-10-17T05:21:08.999+0200][gc,heap       ] GC(21) Humongous regions: 129->129
[2023-10-17T05:21:08.999+0200][gc,metaspace  ] GC(21) Metaspace: 31631K(33112K)->31631K(33112K)
[2023-10-17T05:21:08.999+0200][gc            ] GC(21) Pause Young (Normal) (G1 Evacuation Pause) 201M->144M(1024M) 27.360ms
[2023-10-17T05:21:09.000+0200][gc,cpu        ] GC(21) User=0.06s Sys=0.03s Real=0.02s
[2023-10-17T05:21:57.960+0200][gc,start      ] GC(22) Pause Young (Normal) (G1 Evacuation Pause)
[2023-10-17T05:21:57.960+0200][gc,task       ] GC(22) Using 4 workers of 4 for evacuation
[2023-10-17T05:21:57.986+0200][gc,mmu        ] GC(22) MMU target violated: 21.0ms (20.0ms/21.0ms)
[2023-10-17T05:21:57.986+0200][gc,phases     ] GC(22)   Pre Evacuate Collection Set: 0.1ms
[2023-10-17T05:21:57.986+0200][gc,phases     ] GC(22)   Evacuate Collection Set: 22.5ms
[2023-10-17T05:21:57.986+0200][gc,phases     ] GC(22)   Post Evacuate Collection Set: 2.2ms
[2023-10-17T05:21:57.987+0200][gc,phases     ] GC(22)   Other: 1.4ms
[2023-10-17T05:21:57.987+0200][gc,heap       ] GC(22) Eden regions: 47->0(61)
[2023-10-17T05:21:57.987+0200][gc,heap       ] GC(22) Survivor regions: 4->2(7)
[2023-10-17T05:21:57.987+0200][gc,heap       ] GC(22) Old regions: 13->14
[2023-10-17T05:21:57.987+0200][gc,heap       ] GC(22) Humongous regions: 129->129
[2023-10-17T05:21:57.987+0200][gc,metaspace  ] GC(22) Metaspace: 31631K(33112K)->31631K(33112K)
[2023-10-17T05:21:57.987+0200][gc            ] GC(22) Pause Young (Normal) (G1 Evacuation Pause) 191M->144M(1024M) 26.796ms
[2023-10-17T05:21:57.987+0200][gc,cpu        ] GC(22) User=0.05s Sys=0.04s Real=0.03s
[2023-10-17T05:23:01.438+0200][gc,start      ] GC(23) Pause Young (Normal) (G1 Evacuation Pause)
[2023-10-17T05:23:01.439+0200][gc,task       ] GC(23) Using 4 workers of 4 for evacuation
[2023-10-17T05:23:01.454+0200][gc,phases     ] GC(23)   Pre Evacuate Collection Set: 0.1ms
[2023-10-17T05:23:01.455+0200][gc,phases     ] GC(23)   Evacuate Collection Set: 12.7ms
[2023-10-17T05:23:01.455+0200][gc,phases     ] GC(23)   Post Evacuate Collection Set: 2.2ms
[2023-10-17T05:23:01.455+0200][gc,phases     ] GC(23)   Other: 1.2ms
[2023-10-17T05:23:01.455+0200][gc,heap       ] GC(23) Eden regions: 61->0(61)
[2023-10-17T05:23:01.455+0200][gc,heap       ] GC(23) Survivor regions: 2->2(8)
[2023-10-17T05:23:01.455+0200][gc,heap       ] GC(23) Old regions: 14->15
[2023-10-17T05:23:01.455+0200][gc,heap       ] GC(23) Humongous regions: 129->129
[2023-10-17T05:23:01.455+0200][gc,metaspace  ] GC(23) Metaspace: 31632K(33112K)->31632K(33112K)
[2023-10-17T05:23:01.455+0200][gc            ] GC(23) Pause Young (Normal) (G1 Evacuation Pause) 205M->144M(1024M) 16.824ms
[2023-10-17T05:23:01.456+0200][gc,cpu        ] GC(23) User=0.05s Sys=0.01s Real=0.02s
[2023-10-17T05:24:04.903+0200][gc,start      ] GC(24) Pause Young (Normal) (G1 Evacuation Pause)
[2023-10-17T05:24:04.904+0200][gc,task       ] GC(24) Using 4 workers of 4 for evacuation
[2023-10-17T05:24:04.909+0200][gc,phases     ] GC(24)   Pre Evacuate Collection Set: 0.1ms
[2023-10-17T05:24:04.909+0200][gc,phases     ] GC(24)   Evacuate Collection Set: 3.7ms
[2023-10-17T05:24:04.909+0200][gc,phases     ] GC(24)   Post Evacuate Collection Set: 1.1ms
[2023-10-17T05:24:04.909+0200][gc,phases     ] GC(24)   Other: 0.6ms
[2023-10-17T05:24:04.909+0200][gc,heap       ] GC(24) Eden regions: 61->0(62)
[2023-10-17T05:24:04.909+0200][gc,heap       ] GC(24) Survivor regions: 2->2(8)
[2023-10-17T05:24:04.909+0200][gc,heap       ] GC(24) Old regions: 15->15
[2023-10-17T05:24:04.909+0200][gc,heap       ] GC(24) Humongous regions: 129->129
[2023-10-17T05:24:04.909+0200][gc,metaspace  ] GC(24) Metaspace: 31632K(33112K)->31632K(33112K)
[2023-10-17T05:24:04.909+0200][gc            ] GC(24) Pause Young (Normal) (G1 Evacuation Pause) 205M->144M(1024M) 5.690ms
[2023-10-17T05:24:04.909+0200][gc,cpu        ] GC(24) User=0.01s Sys=0.01s Real=0.00s
[2023-10-17T05:25:09.266+0200][gc,start      ] GC(25) Pause Young (Normal) (G1 Evacuation Pause)
[2023-10-17T05:25:09.267+0200][gc,task       ] GC(25) Using 4 workers of 4 for evacuation
[2023-10-17T05:25:09.281+0200][gc,phases     ] GC(25)   Pre Evacuate Collection Set: 0.1ms
[2023-10-17T05:25:09.281+0200][gc,phases     ] GC(25)   Evacuate Collection Set: 11.5ms
[2023-10-17T05:25:09.281+0200][gc,phases     ] GC(25)   Post Evacuate Collection Set: 2.2ms
[2023-10-17T05:25:09.282+0200][gc,phases     ] GC(25)   Other: 1.3ms
[2023-10-17T05:25:09.282+0200][gc,heap       ] GC(25) Eden regions: 62->0(154)
[2023-10-17T05:25:09.282+0200][gc,heap       ] GC(25) Survivor regions: 2->2(8)
[2023-10-17T05:25:09.282+0200][gc,heap       ] GC(25) Old regions: 15->15
[2023-10-17T05:25:09.282+0200][gc,heap       ] GC(25) Humongous regions: 129->129
[2023-10-17T05:25:09.282+0200][gc,metaspace  ] GC(25) Metaspace: 31640K(33112K)->31640K(33112K)
[2023-10-17T05:25:09.282+0200][gc            ] GC(25) Pause Young (Normal) (G1 Evacuation Pause) 206M->144M(1024M) 15.685ms
[2023-10-17T05:25:09.282+0200][gc,cpu        ] GC(25) User=0.04s Sys=0.01s Real=0.02s
[2023-10-17T05:27:45.556+0200][gc,start      ] GC(26) Pause Young (Normal) (G1 Evacuation Pause)
[2023-10-17T05:27:45.556+0200][gc,task       ] GC(26) Using 4 workers of 4 for evacuation
[2023-10-17T05:27:45.584+0200][gc,mmu        ] GC(26) MMU target violated: 21.0ms (20.0ms/21.0ms)
[2023-10-17T05:27:45.585+0200][gc,phases     ] GC(26)   Pre Evacuate Collection Set: 0.1ms
[2023-10-17T05:27:45.585+0200][gc,phases     ] GC(26)   Evacuate Collection Set: 25.2ms
[2023-10-17T05:27:45.585+0200][gc,phases     ] GC(26)   Post Evacuate Collection Set: 1.9ms
[2023-10-17T05:27:45.585+0200][gc,phases     ] GC(26)   Other: 1.4ms
[2023-10-17T05:27:45.585+0200][gc,heap       ] GC(26) Eden regions: 154->0(223)
[2023-10-17T05:27:45.585+0200][gc,heap       ] GC(26) Survivor regions: 2->2(20)
[2023-10-17T05:27:45.585+0200][gc,heap       ] GC(26) Old regions: 15->15
[2023-10-17T05:27:45.585+0200][gc,heap       ] GC(26) Humongous regions: 129->129
[2023-10-17T05:27:45.585+0200][gc,metaspace  ] GC(26) Metaspace: 31998K(33496K)->31998K(33496K)
[2023-10-17T05:27:45.585+0200][gc            ] GC(26) Pause Young (Normal) (G1 Evacuation Pause) 298M->144M(1024M) 28.793ms
[2023-10-17T05:27:45.585+0200][gc,cpu        ] GC(26) User=0.04s Sys=0.03s Real=0.03s
[2023-10-17T06:01:10.006+0200][gc,start      ] GC(27) Pause Young (Normal) (G1 Evacuation Pause)
[2023-10-17T06:01:10.006+0200][gc,task       ] GC(27) Using 4 workers of 4 for evacuation
[2023-10-17T06:01:10.018+0200][gc,phases     ] GC(27)   Pre Evacuate Collection Set: 0.1ms
[2023-10-17T06:01:10.018+0200][gc,phases     ] GC(27)   Evacuate Collection Set: 8.8ms
[2023-10-17T06:01:10.018+0200][gc,phases     ] GC(27)   Post Evacuate Collection Set: 2.1ms
[2023-10-17T06:01:10.018+0200][gc,phases     ] GC(27)   Other: 0.5ms
[2023-10-17T06:01:10.018+0200][gc,heap       ] GC(27) Eden regions: 92->0(102)
[2023-10-17T06:01:10.018+0200][gc,heap       ] GC(27) Survivor regions: 2->3(12)
[2023-10-17T06:01:10.018+0200][gc,heap       ] GC(27) Old regions: 15->15
[2023-10-17T06:01:10.018+0200][gc,heap       ] GC(27) Humongous regions: 129->129
[2023-10-17T06:01:10.018+0200][gc,metaspace  ] GC(27) Metaspace: 32853K(34648K)->32853K(34648K)
[2023-10-17T06:01:10.018+0200][gc            ] GC(27) Pause Young (Normal) (G1 Evacuation Pause) 236M->146M(1024M) 11.700ms
[2023-10-17T06:01:10.018+0200][gc,cpu        ] GC(27) User=0.03s Sys=0.00s Real=0.01s
[2023-10-17T06:01:10.177+0200][gc,heap,exit  ] Heap
[2023-10-17T06:01:10.177+0200][gc,heap,exit  ]  garbage-first heap   total 1048576K, used 151065K [0x73a00000, 0xb3a00000)
[2023-10-17T06:01:10.177+0200][gc,heap,exit  ]   region size 1024K, 5 young (5120K), 3 survivors (3072K)
[2023-10-17T06:01:10.177+0200][gc,heap,exit  ]  Metaspace       used 32875K, capacity 34616K, committed 34648K, reserved 35120K
