[2023-10-17T06:05:35.676+0200][gc,heap] Heap region size: 1M
[2023-10-17T06:05:35.727+0200][gc     ] Using G1
[2023-10-17T06:05:39.250+0200][gc,start] GC(0) Pause Young (Normal) (G1 Evacuation Pause)
[2023-10-17T06:05:39.258+0200][gc,task ] GC(0) Using 4 workers of 4 for evacuation
[2023-10-17T06:05:39.300+0200][gc,mmu  ] GC(0) MMU target violated: 21.0ms (20.0ms/21.0ms)
[2023-10-17T06:05:39.301+0200][gc,phases] GC(0)   Pre Evacuate Collection Set: 0.1ms
[2023-10-17T06:05:39.301+0200][gc,phases] GC(0)   Evacuate Collection Set: 40.4ms
[2023-10-17T06:05:39.301+0200][gc,phases] GC(0)   Post Evacuate Collection Set: 1.2ms
[2023-10-17T06:05:39.301+0200][gc,phases] GC(0)   Other: 8.7ms
[2023-10-17T06:05:39.301+0200][gc,heap  ] GC(0) Eden regions: 51->0(44)
[2023-10-17T06:05:39.301+0200][gc,heap  ] GC(0) Survivor regions: 0->7(7)
[2023-10-17T06:05:39.301+0200][gc,heap  ] GC(0) Old regions: 0->0
[2023-10-17T06:05:39.301+0200][gc,heap  ] GC(0) Humongous regions: 0->0
[2023-10-17T06:05:39.301+0200][gc,metaspace] GC(0) Metaspace: 12350K(12568K)->12350K(12568K)
[2023-10-17T06:05:39.301+0200][gc          ] GC(0) Pause Young (Normal) (G1 Evacuation Pause) 51M->6M(1024M) 50.604ms
[2023-10-17T06:05:39.301+0200][gc,cpu      ] GC(0) User=0.03s Sys=0.05s Real=0.05s
[2023-10-17T06:05:40.930+0200][gc,start    ] GC(1) Pause Young (Concurrent Start) (Metadata GC Threshold)
[2023-10-17T06:05:40.930+0200][gc,task     ] GC(1) Using 4 workers of 4 for evacuation
[2023-10-17T06:05:40.959+0200][gc,mmu      ] GC(1) MMU target violated: 21.0ms (20.0ms/21.0ms)
[2023-10-17T06:05:40.959+0200][gc,phases   ] GC(1)   Pre Evacuate Collection Set: 0.1ms
[2023-10-17T06:05:40.959+0200][gc,phases   ] GC(1)   Evacuate Collection Set: 27.9ms
[2023-10-17T06:05:40.959+0200][gc,phases   ] GC(1)   Post Evacuate Collection Set: 0.9ms
[2023-10-17T06:05:40.959+0200][gc,phases   ] GC(1)   Other: 0.6ms
[2023-10-17T06:05:40.959+0200][gc,heap     ] GC(1) Eden regions: 36->0(49)
[2023-10-17T06:05:40.959+0200][gc,heap     ] GC(1) Survivor regions: 7->2(7)
[2023-10-17T06:05:40.959+0200][gc,heap     ] GC(1) Old regions: 0->7
[2023-10-17T06:05:40.959+0200][gc,heap     ] GC(1) Humongous regions: 0->0
[2023-10-17T06:05:40.959+0200][gc,metaspace] GC(1) Metaspace: 16124K(16384K)->16124K(16384K)
[2023-10-17T06:05:40.959+0200][gc          ] GC(1) Pause Young (Concurrent Start) (Metadata GC Threshold) 42M->8M(1024M) 29.730ms
[2023-10-17T06:05:40.959+0200][gc,cpu      ] GC(1) User=0.02s Sys=0.06s Real=0.03s
[2023-10-17T06:05:40.959+0200][gc          ] GC(2) Concurrent Cycle
[2023-10-17T06:05:40.959+0200][gc,marking  ] GC(2) Concurrent Clear Claimed Marks
[2023-10-17T06:05:40.960+0200][gc,marking  ] GC(2) Concurrent Clear Claimed Marks 0.101ms
[2023-10-17T06:05:40.960+0200][gc,marking  ] GC(2) Concurrent Scan Root Regions
[2023-10-17T06:05:40.962+0200][gc,marking  ] GC(2) Concurrent Scan Root Regions 2.526ms
[2023-10-17T06:05:40.962+0200][gc,marking  ] GC(2) Concurrent Mark (5.295s)
[2023-10-17T06:05:40.962+0200][gc,marking  ] GC(2) Concurrent Mark From Roots
[2023-10-17T06:05:40.962+0200][gc,task     ] GC(2) Using 1 workers of 1 for marking
[2023-10-17T06:05:40.991+0200][gc,marking  ] GC(2) Concurrent Mark From Roots 29.163ms
[2023-10-17T06:05:40.991+0200][gc,marking  ] GC(2) Concurrent Preclean
[2023-10-17T06:05:40.992+0200][gc,marking  ] GC(2) Concurrent Preclean 0.491ms
[2023-10-17T06:05:40.992+0200][gc,marking  ] GC(2) Concurrent Mark (5.295s, 5.325s) 29.824ms
[2023-10-17T06:05:40.992+0200][gc,start    ] GC(2) Pause Remark
[2023-10-17T06:05:40.999+0200][gc,stringtable] GC(2) Cleaned string and symbol table, strings: 7897 processed, 0 removed, symbols: 79730 processed, 56 removed
[2023-10-17T06:05:40.999+0200][gc            ] GC(2) Pause Remark 9M->9M(1024M) 6.751ms
[2023-10-17T06:05:40.999+0200][gc,cpu        ] GC(2) User=0.02s Sys=0.00s Real=0.00s
[2023-10-17T06:05:41.001+0200][gc,marking    ] GC(2) Concurrent Rebuild Remembered Sets
[2023-10-17T06:05:41.015+0200][gc,marking    ] GC(2) Concurrent Rebuild Remembered Sets 14.752ms
[2023-10-17T06:05:41.016+0200][gc,start      ] GC(2) Pause Cleanup
[2023-10-17T06:05:41.016+0200][gc            ] GC(2) Pause Cleanup 10M->10M(1024M) 0.535ms
[2023-10-17T06:05:41.016+0200][gc,cpu        ] GC(2) User=0.00s Sys=0.00s Real=0.00s
[2023-10-17T06:05:41.016+0200][gc,marking    ] GC(2) Concurrent Cleanup for Next Mark
[2023-10-17T06:05:41.084+0200][gc,marking    ] GC(2) Concurrent Cleanup for Next Mark 67.920ms
[2023-10-17T06:05:41.085+0200][gc            ] GC(2) Concurrent Cycle 125.150ms
[2023-10-17T06:05:44.239+0200][gc,start      ] GC(3) Pause Young (Normal) (G1 Evacuation Pause)
[2023-10-17T06:05:44.239+0200][gc,task       ] GC(3) Using 4 workers of 4 for evacuation
[2023-10-17T06:05:44.250+0200][gc,phases     ] GC(3)   Pre Evacuate Collection Set: 0.1ms
[2023-10-17T06:05:44.250+0200][gc,phases     ] GC(3)   Evacuate Collection Set: 9.3ms
[2023-10-17T06:05:44.251+0200][gc,phases     ] GC(3)   Post Evacuate Collection Set: 1.3ms
[2023-10-17T06:05:44.251+0200][gc,phases     ] GC(3)   Other: 0.6ms
[2023-10-17T06:05:44.251+0200][gc,heap       ] GC(3) Eden regions: 49->0(48)
[2023-10-17T06:05:44.251+0200][gc,heap       ] GC(3) Survivor regions: 2->3(7)
[2023-10-17T06:05:44.251+0200][gc,heap       ] GC(3) Old regions: 7->7
[2023-10-17T06:05:44.251+0200][gc,heap       ] GC(3) Humongous regions: 0->0
[2023-10-17T06:05:44.251+0200][gc,metaspace  ] GC(3) Metaspace: 19886K(20352K)->19886K(20352K)
[2023-10-17T06:05:44.251+0200][gc            ] GC(3) Pause Young (Normal) (G1 Evacuation Pause) 57M->9M(1024M) 11.601ms
[2023-10-17T06:05:44.251+0200][gc,cpu        ] GC(3) User=0.04s Sys=0.00s Real=0.01s
[2023-10-17T06:05:46.049+0200][gc,start      ] GC(4) Pause Young (Normal) (G1 Evacuation Pause)
[2023-10-17T06:05:46.049+0200][gc,task       ] GC(4) Using 4 workers of 4 for evacuation
[2023-10-17T06:05:46.061+0200][gc,phases     ] GC(4)   Pre Evacuate Collection Set: 0.1ms
[2023-10-17T06:05:46.061+0200][gc,phases     ] GC(4)   Evacuate Collection Set: 10.1ms
[2023-10-17T06:05:46.061+0200][gc,phases     ] GC(4)   Post Evacuate Collection Set: 1.1ms
[2023-10-17T06:05:46.061+0200][gc,phases     ] GC(4)   Other: 0.5ms
[2023-10-17T06:05:46.061+0200][gc,heap       ] GC(4) Eden regions: 48->0(47)
[2023-10-17T06:05:46.061+0200][gc,heap       ] GC(4) Survivor regions: 3->4(7)
[2023-10-17T06:05:46.061+0200][gc,heap       ] GC(4) Old regions: 7->7
[2023-10-17T06:05:46.061+0200][gc,heap       ] GC(4) Humongous regions: 129->129
[2023-10-17T06:05:46.061+0200][gc,metaspace  ] GC(4) Metaspace: 24072K(24704K)->24072K(24704K)
[2023-10-17T06:05:46.061+0200][gc            ] GC(4) Pause Young (Normal) (G1 Evacuation Pause) 186M->139M(1024M) 12.086ms
[2023-10-17T06:05:46.061+0200][gc,cpu        ] GC(4) User=0.04s Sys=0.00s Real=0.02s
[2023-10-17T06:05:48.243+0200][gc,start      ] GC(5) Pause Young (Concurrent Start) (Metadata GC Threshold)
[2023-10-17T06:05:48.243+0200][gc,task       ] GC(5) Using 4 workers of 4 for evacuation
[2023-10-17T06:05:48.274+0200][gc,mmu        ] GC(5) MMU target violated: 21.0ms (20.0ms/21.0ms)
[2023-10-17T06:05:48.274+0200][gc,phases     ] GC(5)   Pre Evacuate Collection Set: 0.2ms
[2023-10-17T06:05:48.274+0200][gc,phases     ] GC(5)   Evacuate Collection Set: 29.1ms
[2023-10-17T06:05:48.274+0200][gc,phases     ] GC(5)   Post Evacuate Collection Set: 1.1ms
[2023-10-17T06:05:48.274+0200][gc,phases     ] GC(5)   Other: 0.7ms
[2023-10-17T06:05:48.274+0200][gc,heap       ] GC(5) Eden regions: 38->0(44)
[2023-10-17T06:05:48.274+0200][gc,heap       ] GC(5) Survivor regions: 4->7(7)
[2023-10-17T06:05:48.274+0200][gc,heap       ] GC(5) Old regions: 7->8
[2023-10-17T06:05:48.274+0200][gc,heap       ] GC(5) Humongous regions: 129->129
[2023-10-17T06:05:48.274+0200][gc,metaspace  ] GC(5) Metaspace: 27039K(27736K)->27039K(27736K)
[2023-10-17T06:05:48.274+0200][gc            ] GC(5) Pause Young (Concurrent Start) (Metadata GC Threshold) 177M->143M(1024M) 31.255ms
[2023-10-17T06:05:48.274+0200][gc,cpu        ] GC(5) User=0.06s Sys=0.00s Real=0.03s
[2023-10-17T06:05:48.274+0200][gc            ] GC(6) Concurrent Cycle
[2023-10-17T06:05:48.274+0200][gc,marking    ] GC(6) Concurrent Clear Claimed Marks
[2023-10-17T06:05:48.275+0200][gc,marking    ] GC(6) Concurrent Clear Claimed Marks 0.229ms
[2023-10-17T06:05:48.275+0200][gc,marking    ] GC(6) Concurrent Scan Root Regions
[2023-10-17T06:05:48.296+0200][gc,marking    ] GC(6) Concurrent Scan Root Regions 20.890ms
[2023-10-17T06:05:48.296+0200][gc,marking    ] GC(6) Concurrent Mark (12.629s)
[2023-10-17T06:05:48.296+0200][gc,marking    ] GC(6) Concurrent Mark From Roots
[2023-10-17T06:05:48.296+0200][gc,task       ] GC(6) Using 1 workers of 1 for marking
[2023-10-17T06:05:48.348+0200][gc,marking    ] GC(6) Concurrent Mark From Roots 52.141ms
[2023-10-17T06:05:48.348+0200][gc,marking    ] GC(6) Concurrent Preclean
[2023-10-17T06:05:48.348+0200][gc,marking    ] GC(6) Concurrent Preclean 0.426ms
[2023-10-17T06:05:48.348+0200][gc,marking    ] GC(6) Concurrent Mark (12.629s, 12.681s) 52.760ms
[2023-10-17T06:05:48.351+0200][gc,start      ] GC(6) Pause Remark
[2023-10-17T06:05:48.370+0200][gc,stringtable] GC(6) Cleaned string and symbol table, strings: 15191 processed, 9 removed, symbols: 118222 processed, 24 removed
[2023-10-17T06:05:48.371+0200][gc            ] GC(6) Pause Remark 145M->145M(1024M) 19.908ms
[2023-10-17T06:05:48.371+0200][gc,cpu        ] GC(6) User=0.04s Sys=0.00s Real=0.02s
[2023-10-17T06:05:48.371+0200][gc,marking    ] GC(6) Concurrent Rebuild Remembered Sets
[2023-10-17T06:05:48.431+0200][gc,marking    ] GC(6) Concurrent Rebuild Remembered Sets 60.068ms
[2023-10-17T06:05:48.432+0200][gc,start      ] GC(6) Pause Cleanup
[2023-10-17T06:05:48.432+0200][gc            ] GC(6) Pause Cleanup 146M->146M(1024M) 0.565ms
[2023-10-17T06:05:48.432+0200][gc,cpu        ] GC(6) User=0.00s Sys=0.00s Real=0.00s
[2023-10-17T06:05:48.433+0200][gc,marking    ] GC(6) Concurrent Cleanup for Next Mark
[2023-10-17T06:05:48.589+0200][gc,marking    ] GC(6) Concurrent Cleanup for Next Mark 156.261ms
[2023-10-17T06:05:48.589+0200][gc            ] GC(6) Concurrent Cycle 314.660ms
[2023-10-17T06:05:50.277+0200][gc,start      ] GC(7) Pause Young (Normal) (G1 Evacuation Pause)
[2023-10-17T06:05:50.277+0200][gc,task       ] GC(7) Using 4 workers of 4 for evacuation
[2023-10-17T06:05:50.313+0200][gc,mmu        ] GC(7) MMU target violated: 21.0ms (20.0ms/21.0ms)
[2023-10-17T06:05:50.313+0200][gc,phases     ] GC(7)   Pre Evacuate Collection Set: 0.1ms
[2023-10-17T06:05:50.314+0200][gc,phases     ] GC(7)   Evacuate Collection Set: 33.6ms
[2023-10-17T06:05:50.314+0200][gc,phases     ] GC(7)   Post Evacuate Collection Set: 2.3ms
[2023-10-17T06:05:50.314+0200][gc,phases     ] GC(7)   Other: 0.7ms
[2023-10-17T06:05:50.314+0200][gc,heap       ] GC(7) Eden regions: 44->0(45)
[2023-10-17T06:05:50.314+0200][gc,heap       ] GC(7) Survivor regions: 7->6(7)
[2023-10-17T06:05:50.314+0200][gc,heap       ] GC(7) Old regions: 8->11
[2023-10-17T06:05:50.314+0200][gc,heap       ] GC(7) Humongous regions: 129->129
[2023-10-17T06:05:50.314+0200][gc,metaspace  ] GC(7) Metaspace: 30633K(31832K)->30633K(31832K)
[2023-10-17T06:05:50.314+0200][gc            ] GC(7) Pause Young (Normal) (G1 Evacuation Pause) 187M->145M(1024M) 36.890ms
[2023-10-17T06:05:50.314+0200][gc,cpu        ] GC(7) User=0.08s Sys=0.01s Real=0.04s
[2023-10-17T06:13:02.164+0200][gc,start      ] GC(8) Pause Young (Normal) (G1 Evacuation Pause)
[2023-10-17T06:13:02.164+0200][gc,task       ] GC(8) Using 4 workers of 4 for evacuation
[2023-10-17T06:13:02.214+0200][gc,mmu        ] GC(8) MMU target violated: 21.0ms (20.0ms/21.0ms)
[2023-10-17T06:13:02.214+0200][gc,phases     ] GC(8)   Pre Evacuate Collection Set: 0.1ms
[2023-10-17T06:13:02.214+0200][gc,phases     ] GC(8)   Evacuate Collection Set: 45.7ms
[2023-10-17T06:13:02.214+0200][gc,phases     ] GC(8)   Post Evacuate Collection Set: 2.9ms
[2023-10-17T06:13:02.214+0200][gc,phases     ] GC(8)   Other: 1.3ms
[2023-10-17T06:13:02.214+0200][gc,heap       ] GC(8) Eden regions: 45->0(46)
[2023-10-17T06:13:02.214+0200][gc,heap       ] GC(8) Survivor regions: 6->5(7)
[2023-10-17T06:13:02.214+0200][gc,heap       ] GC(8) Old regions: 11->15
[2023-10-17T06:13:02.214+0200][gc,heap       ] GC(8) Humongous regions: 129->129
[2023-10-17T06:13:02.215+0200][gc,metaspace  ] GC(8) Metaspace: 32834K(34392K)->32834K(34392K)
[2023-10-17T06:13:02.215+0200][gc            ] GC(8) Pause Young (Normal) (G1 Evacuation Pause) 190M->147M(1024M) 50.487ms
[2023-10-17T06:13:02.215+0200][gc,cpu        ] GC(8) User=0.12s Sys=0.06s Real=0.05s
