[2023-10-17T06:02:44.537+0200][gc,heap] Heap region size: 1M
[2023-10-17T06:02:44.587+0200][gc     ] Using G1
[2023-10-17T06:02:48.478+0200][gc,start] GC(0) Pause Young (Normal) (G1 Evacuation Pause)
[2023-10-17T06:02:48.478+0200][gc,task ] GC(0) Using 4 workers of 4 for evacuation
[2023-10-17T06:02:48.500+0200][gc,mmu  ] GC(0) MMU target violated: 21.0ms (20.0ms/21.0ms)
[2023-10-17T06:02:48.500+0200][gc,phases] GC(0)   Pre Evacuate Collection Set: 0.1ms
[2023-10-17T06:02:48.501+0200][gc,phases] GC(0)   Evacuate Collection Set: 20.5ms
[2023-10-17T06:02:48.501+0200][gc,phases] GC(0)   Post Evacuate Collection Set: 1.3ms
[2023-10-17T06:02:48.501+0200][gc,phases] GC(0)   Other: 1.1ms
[2023-10-17T06:02:48.501+0200][gc,heap  ] GC(0) Eden regions: 51->0(44)
[2023-10-17T06:02:48.501+0200][gc,heap  ] GC(0) Survivor regions: 0->7(7)
[2023-10-17T06:02:48.501+0200][gc,heap  ] GC(0) Old regions: 0->0
[2023-10-17T06:02:48.501+0200][gc,heap  ] GC(0) Humongous regions: 0->0
[2023-10-17T06:02:48.501+0200][gc,metaspace] GC(0) Metaspace: 12350K(12568K)->12350K(12568K)
[2023-10-17T06:02:48.501+0200][gc          ] GC(0) Pause Young (Normal) (G1 Evacuation Pause) 51M->6M(1024M) 23.130ms
[2023-10-17T06:02:48.501+0200][gc,cpu      ] GC(0) User=0.05s Sys=0.04s Real=0.02s
[2023-10-17T06:02:50.029+0200][gc,start    ] GC(1) Pause Young (Concurrent Start) (Metadata GC Threshold)
[2023-10-17T06:02:50.029+0200][gc,task     ] GC(1) Using 4 workers of 4 for evacuation
[2023-10-17T06:02:50.062+0200][gc,mmu      ] GC(1) MMU target violated: 21.0ms (20.0ms/21.0ms)
[2023-10-17T06:02:50.062+0200][gc,phases   ] GC(1)   Pre Evacuate Collection Set: 0.1ms
[2023-10-17T06:02:50.062+0200][gc,phases   ] GC(1)   Evacuate Collection Set: 31.5ms
[2023-10-17T06:02:50.062+0200][gc,phases   ] GC(1)   Post Evacuate Collection Set: 0.9ms
[2023-10-17T06:02:50.062+0200][gc,phases   ] GC(1)   Other: 0.6ms
[2023-10-17T06:02:50.062+0200][gc,heap     ] GC(1) Eden regions: 36->0(49)
[2023-10-17T06:02:50.062+0200][gc,heap     ] GC(1) Survivor regions: 7->2(7)
[2023-10-17T06:02:50.063+0200][gc,heap     ] GC(1) Old regions: 0->7
[2023-10-17T06:02:50.063+0200][gc,heap     ] GC(1) Humongous regions: 0->0
[2023-10-17T06:02:50.063+0200][gc,metaspace] GC(1) Metaspace: 16121K(16384K)->16121K(16384K)
[2023-10-17T06:02:50.063+0200][gc          ] GC(1) Pause Young (Concurrent Start) (Metadata GC Threshold) 42M->8M(1024M) 33.358ms
[2023-10-17T06:02:50.063+0200][gc,cpu      ] GC(1) User=0.04s Sys=0.04s Real=0.04s
[2023-10-17T06:02:50.063+0200][gc          ] GC(2) Concurrent Cycle
[2023-10-17T06:02:50.063+0200][gc,marking  ] GC(2) Concurrent Clear Claimed Marks
[2023-10-17T06:02:50.063+0200][gc,marking  ] GC(2) Concurrent Clear Claimed Marks 0.093ms
[2023-10-17T06:02:50.063+0200][gc,marking  ] GC(2) Concurrent Scan Root Regions
[2023-10-17T06:02:50.065+0200][gc,marking  ] GC(2) Concurrent Scan Root Regions 2.546ms
[2023-10-17T06:02:50.066+0200][gc,marking  ] GC(2) Concurrent Mark (5.547s)
[2023-10-17T06:02:50.066+0200][gc,marking  ] GC(2) Concurrent Mark From Roots
[2023-10-17T06:02:50.066+0200][gc,task     ] GC(2) Using 1 workers of 1 for marking
[2023-10-17T06:02:50.094+0200][gc,marking  ] GC(2) Concurrent Mark From Roots 28.838ms
[2023-10-17T06:02:50.094+0200][gc,marking  ] GC(2) Concurrent Preclean
[2023-10-17T06:02:50.095+0200][gc,marking  ] GC(2) Concurrent Preclean 0.418ms
[2023-10-17T06:02:50.095+0200][gc,marking  ] GC(2) Concurrent Mark (5.547s, 5.576s) 29.396ms
[2023-10-17T06:02:50.095+0200][gc,start    ] GC(2) Pause Remark
[2023-10-17T06:02:50.101+0200][gc,stringtable] GC(2) Cleaned string and symbol table, strings: 7896 processed, 0 removed, symbols: 79727 processed, 56 removed
[2023-10-17T06:02:50.102+0200][gc            ] GC(2) Pause Remark 9M->9M(1024M) 6.707ms
[2023-10-17T06:02:50.102+0200][gc,cpu        ] GC(2) User=0.02s Sys=0.00s Real=0.01s
[2023-10-17T06:02:50.102+0200][gc,marking    ] GC(2) Concurrent Rebuild Remembered Sets
[2023-10-17T06:02:50.116+0200][gc,marking    ] GC(2) Concurrent Rebuild Remembered Sets 13.491ms
[2023-10-17T06:02:50.117+0200][gc,start      ] GC(2) Pause Cleanup
[2023-10-17T06:02:50.118+0200][gc            ] GC(2) Pause Cleanup 9M->9M(1024M) 0.566ms
[2023-10-17T06:02:50.118+0200][gc,cpu        ] GC(2) User=0.00s Sys=0.00s Real=0.00s
[2023-10-17T06:02:50.118+0200][gc,marking    ] GC(2) Concurrent Cleanup for Next Mark
[2023-10-17T06:02:50.176+0200][gc,marking    ] GC(2) Concurrent Cleanup for Next Mark 57.908ms
[2023-10-17T06:02:50.176+0200][gc            ] GC(2) Concurrent Cycle 112.946ms
[2023-10-17T06:02:54.116+0200][gc,start      ] GC(3) Pause Young (Normal) (G1 Evacuation Pause)
[2023-10-17T06:02:54.116+0200][gc,task       ] GC(3) Using 4 workers of 4 for evacuation
[2023-10-17T06:02:54.125+0200][gc,phases     ] GC(3)   Pre Evacuate Collection Set: 0.1ms
[2023-10-17T06:02:54.125+0200][gc,phases     ] GC(3)   Evacuate Collection Set: 6.9ms
[2023-10-17T06:02:54.125+0200][gc,phases     ] GC(3)   Post Evacuate Collection Set: 1.0ms
[2023-10-17T06:02:54.125+0200][gc,phases     ] GC(3)   Other: 0.5ms
[2023-10-17T06:02:54.125+0200][gc,heap       ] GC(3) Eden regions: 49->0(48)
[2023-10-17T06:02:54.125+0200][gc,heap       ] GC(3) Survivor regions: 2->3(7)
[2023-10-17T06:02:54.125+0200][gc,heap       ] GC(3) Old regions: 7->7
[2023-10-17T06:02:54.125+0200][gc,heap       ] GC(3) Humongous regions: 0->0
[2023-10-17T06:02:54.125+0200][gc,metaspace  ] GC(3) Metaspace: 19884K(20352K)->19884K(20352K)
[2023-10-17T06:02:54.125+0200][gc            ] GC(3) Pause Young (Normal) (G1 Evacuation Pause) 57M->9M(1024M) 8.678ms
[2023-10-17T06:02:54.125+0200][gc,cpu        ] GC(3) User=0.03s Sys=0.00s Real=0.01s
[2023-10-17T06:02:56.127+0200][gc,start      ] GC(4) Pause Young (Normal) (G1 Evacuation Pause)
[2023-10-17T06:02:56.127+0200][gc,task       ] GC(4) Using 4 workers of 4 for evacuation
[2023-10-17T06:02:56.139+0200][gc,phases     ] GC(4)   Pre Evacuate Collection Set: 0.1ms
[2023-10-17T06:02:56.139+0200][gc,phases     ] GC(4)   Evacuate Collection Set: 10.7ms
[2023-10-17T06:02:56.139+0200][gc,phases     ] GC(4)   Post Evacuate Collection Set: 1.1ms
[2023-10-17T06:02:56.139+0200][gc,phases     ] GC(4)   Other: 0.5ms
[2023-10-17T06:02:56.139+0200][gc,heap       ] GC(4) Eden regions: 48->0(47)
[2023-10-17T06:02:56.139+0200][gc,heap       ] GC(4) Survivor regions: 3->4(7)
[2023-10-17T06:02:56.139+0200][gc,heap       ] GC(4) Old regions: 7->7
[2023-10-17T06:02:56.139+0200][gc,heap       ] GC(4) Humongous regions: 129->129
[2023-10-17T06:02:56.139+0200][gc,metaspace  ] GC(4) Metaspace: 24070K(24704K)->24070K(24704K)
[2023-10-17T06:02:56.139+0200][gc            ] GC(4) Pause Young (Normal) (G1 Evacuation Pause) 186M->139M(1024M) 12.644ms
[2023-10-17T06:02:56.140+0200][gc,cpu        ] GC(4) User=0.04s Sys=0.00s Real=0.01s
[2023-10-17T06:02:58.466+0200][gc,start      ] GC(5) Pause Young (Concurrent Start) (GCLocker Initiated GC)
[2023-10-17T06:02:58.466+0200][gc,task       ] GC(5) Using 4 workers of 4 for evacuation
[2023-10-17T06:02:58.507+0200][gc,mmu        ] GC(5) MMU target violated: 21.0ms (20.0ms/21.0ms)
[2023-10-17T06:02:58.507+0200][gc,phases     ] GC(5)   Pre Evacuate Collection Set: 0.3ms
[2023-10-17T06:02:58.507+0200][gc,phases     ] GC(5)   Evacuate Collection Set: 39.5ms
[2023-10-17T06:02:58.507+0200][gc,phases     ] GC(5)   Post Evacuate Collection Set: 1.2ms
[2023-10-17T06:02:58.508+0200][gc,phases     ] GC(5)   Other: 0.8ms
[2023-10-17T06:02:58.508+0200][gc,heap       ] GC(5) Eden regions: 38->0(44)
[2023-10-17T06:02:58.508+0200][gc,heap       ] GC(5) Survivor regions: 4->7(7)
[2023-10-17T06:02:58.508+0200][gc,heap       ] GC(5) Old regions: 7->8
[2023-10-17T06:02:58.508+0200][gc,heap       ] GC(5) Humongous regions: 129->129
[2023-10-17T06:02:58.508+0200][gc,metaspace  ] GC(5) Metaspace: 27045K(27864K)->27045K(27864K)
[2023-10-17T06:02:58.508+0200][gc            ] GC(5) Pause Young (Concurrent Start) (GCLocker Initiated GC) 177M->143M(1024M) 42.049ms
[2023-10-17T06:02:58.508+0200][gc,cpu        ] GC(5) User=0.07s Sys=0.00s Real=0.04s
[2023-10-17T06:02:58.508+0200][gc            ] GC(6) Concurrent Cycle
[2023-10-17T06:02:58.508+0200][gc,marking    ] GC(6) Concurrent Clear Claimed Marks
[2023-10-17T06:02:58.508+0200][gc,marking    ] GC(6) Concurrent Clear Claimed Marks 0.279ms
[2023-10-17T06:02:58.508+0200][gc,marking    ] GC(6) Concurrent Scan Root Regions
[2023-10-17T06:02:58.525+0200][gc,marking    ] GC(6) Concurrent Scan Root Regions 16.633ms
[2023-10-17T06:02:58.525+0200][gc,marking    ] GC(6) Concurrent Mark (14.007s)
[2023-10-17T06:02:58.525+0200][gc,marking    ] GC(6) Concurrent Mark From Roots
[2023-10-17T06:02:58.525+0200][gc,task       ] GC(6) Using 1 workers of 1 for marking
[2023-10-17T06:02:58.578+0200][gc,marking    ] GC(6) Concurrent Mark From Roots 52.457ms
[2023-10-17T06:02:58.578+0200][gc,marking    ] GC(6) Concurrent Preclean
[2023-10-17T06:02:58.578+0200][gc,marking    ] GC(6) Concurrent Preclean 0.470ms
[2023-10-17T06:02:58.578+0200][gc,marking    ] GC(6) Concurrent Mark (14.007s, 14.060s) 53.149ms
[2023-10-17T06:02:58.581+0200][gc,start      ] GC(6) Pause Remark
[2023-10-17T06:02:58.593+0200][gc,stringtable] GC(6) Cleaned string and symbol table, strings: 15151 processed, 9 removed, symbols: 116570 processed, 25 removed
[2023-10-17T06:02:58.594+0200][gc            ] GC(6) Pause Remark 145M->145M(1024M) 12.850ms
[2023-10-17T06:02:58.594+0200][gc,cpu        ] GC(6) User=0.04s Sys=0.00s Real=0.02s
[2023-10-17T06:02:58.594+0200][gc,marking    ] GC(6) Concurrent Rebuild Remembered Sets
[2023-10-17T06:02:58.615+0200][gc,marking    ] GC(6) Concurrent Rebuild Remembered Sets 20.744ms
[2023-10-17T06:02:58.621+0200][gc,start      ] GC(6) Pause Cleanup
[2023-10-17T06:02:58.622+0200][gc            ] GC(6) Pause Cleanup 145M->145M(1024M) 0.724ms
[2023-10-17T06:02:58.622+0200][gc,cpu        ] GC(6) User=0.00s Sys=0.00s Real=0.00s
[2023-10-17T06:02:58.622+0200][gc,marking    ] GC(6) Concurrent Cleanup for Next Mark
[2023-10-17T06:02:58.694+0200][gc,marking    ] GC(6) Concurrent Cleanup for Next Mark 71.765ms
[2023-10-17T06:02:58.694+0200][gc            ] GC(6) Concurrent Cycle 186.389ms
[2023-10-17T06:03:00.533+0200][gc,start      ] GC(7) Pause Young (Normal) (G1 Evacuation Pause)
[2023-10-17T06:03:00.533+0200][gc,task       ] GC(7) Using 4 workers of 4 for evacuation
[2023-10-17T06:03:00.558+0200][gc,mmu        ] GC(7) MMU target violated: 21.0ms (20.0ms/21.0ms)
[2023-10-17T06:03:00.558+0200][gc,phases     ] GC(7)   Pre Evacuate Collection Set: 0.1ms
[2023-10-17T06:03:00.558+0200][gc,phases     ] GC(7)   Evacuate Collection Set: 22.8ms
[2023-10-17T06:03:00.558+0200][gc,phases     ] GC(7)   Post Evacuate Collection Set: 1.3ms
[2023-10-17T06:03:00.558+0200][gc,phases     ] GC(7)   Other: 0.6ms
[2023-10-17T06:03:00.558+0200][gc,heap       ] GC(7) Eden regions: 44->0(45)
[2023-10-17T06:03:00.558+0200][gc,heap       ] GC(7) Survivor regions: 7->6(7)
[2023-10-17T06:03:00.558+0200][gc,heap       ] GC(7) Old regions: 8->11
[2023-10-17T06:03:00.558+0200][gc,heap       ] GC(7) Humongous regions: 129->129
[2023-10-17T06:03:00.558+0200][gc,metaspace  ] GC(7) Metaspace: 30640K(31832K)->30640K(31832K)
[2023-10-17T06:03:00.558+0200][gc            ] GC(7) Pause Young (Normal) (G1 Evacuation Pause) 187M->144M(1024M) 24.988ms
[2023-10-17T06:03:00.558+0200][gc,cpu        ] GC(7) User=0.05s Sys=0.04s Real=0.02s
[2023-10-17T06:05:34.506+0200][gc,heap,exit  ] Heap
[2023-10-17T06:05:34.506+0200][gc,heap,exit  ]  garbage-first heap   total 1048576K, used 174066K [0x73a00000, 0xb3a00000)
[2023-10-17T06:05:34.506+0200][gc,heap,exit  ]   region size 1024K, 32 young (32768K), 6 survivors (6144K)
[2023-10-17T06:05:34.506+0200][gc,heap,exit  ]  Metaspace       used 32019K, capacity 33503K, committed 33624K, reserved 34096K
